No files changed, compilation skipped

Ran 1 test for test/NutUSDInvariant.t.sol:NutUSDInvariantTest
[PASS]
NutUSDInvariantTest invariants:
[PASS] invariant_aggregate_liquidity
[PASS] invariant_borrow_share_conservation
[PASS] invariant_collateral_ledger
[PASS] invariant_healthy_never_liquidated
[PASS] invariant_idle_balance
[PASS] invariant_lif_cap_385
[PASS] invariant_supply_share_conservation
 NutUSDInvariantTest invariants (runs: 256, calls: 38400, reverts: 1082)

╭------------+--------------------+-------+---------+----------╮
| Contract   | Selector           | Calls | Reverts | Discards |
+==============================================================+
| NutHandler | borrow             | 3247  | 430     | 0        |
|------------+--------------------+-------+---------+----------|
| NutHandler | liquidateRepaid    | 3171  | 55      | 0        |
|------------+--------------------+-------+---------+----------|
| NutHandler | liquidateSeized    | 3216  | 110     | 0        |
|------------+--------------------+-------+---------+----------|
| NutHandler | repayAssets        | 3205  | 151     | 0        |
|------------+--------------------+-------+---------+----------|
| NutHandler | repayShares        | 3194  | 0       | 0        |
|------------+--------------------+-------+---------+----------|
| NutHandler | setFee             | 3165  | 119     | 0        |
|------------+--------------------+-------+---------+----------|
| NutHandler | setPrice           | 3242  | 0       | 0        |
|------------+--------------------+-------+---------+----------|
| NutHandler | supply             | 3169  | 0       | 0        |
|------------+--------------------+-------+---------+----------|
| NutHandler | supplyCollateral   | 3145  | 0       | 0        |
|------------+--------------------+-------+---------+----------|
| NutHandler | warp               | 3208  | 0       | 0        |
|------------+--------------------+-------+---------+----------|
| NutHandler | withdraw           | 3238  | 15      | 0        |
|------------+--------------------+-------+---------+----------|
| NutHandler | withdrawCollateral | 3200  | 202     | 0        |
╰------------+--------------------+-------+---------+----------╯

Suite result: ok. 1 passed; 0 failed; 0 skipped; finished in 23.36s (23.36s CPU time)

Ran 1 test suite in 23.37s (23.36s CPU time): 1 tests passed, 0 failed, 0 skipped (1 total tests)
